// Copyright (c) 2026 Aleksandr Bocharov
// SPDX-License-Identifier: MIT
// 2026-08-14
// https://github.com/Aleksandr3Bocharov/refalab

//====================================================================
// Рефал-функции библиотеки РефалАБ.
// Пустые функции библиотеки РефалАБ.
// Спецификаторы библиотеки РефалАБ.
//====================================================================

$START BOOL2;

$ENTRY True, False, Bool;
$ENTRY If, And, Or, Not;
$EXTERN Eval;
$EMPTY True, False;

$SPEC Bool True False;

/*
    <If (v.Cond e.Any)+ (e.Any)> = e.Any
    v.Cond ::= True | False | (e.Any)
*/
$FUNC If  
{
    e(b).CExp = <If_Aux e.CExp>;
}

$FUNC If_Aux 
{
    (True e.Expr) e._ w.False = <Eval e.Expr>;
    (False e._) (e.False) = <Eval e.False>;
    (False e._) e.Rest w.False = <If_Aux e.Rest w.False>;
    ((e.BExp) e.Expr) e.Rest w.False = <If_Aux (<BCheck <Eval e.BExp>> e.Expr) e.Rest w.False>;
}

$FUNC BCheck
{
    s(:Bool:).Bool = s.Bool;
}

//  <And e(:Bool: b).BExp> = True | False
$FUNC And
{
    e(:Bool: b).BExp = <And_Aux e.BExp>;
}

$FUNC And_Aux 
{
    = True;
    False e._ = False;
    True e.BExp = <And_Aux e.BExp>;
    (e.Exp) e.BExp_E = <And_Aux <BCheck <Eval e.Exp>> e.BExp_E>;
}

//  <Or e(:Bool: b).BExp> = True | False
$FUNC Or 
{  
    e(:Bool: b).BExp = <Or_Aux e.BExp>;
}

$FUNC Or_Aux 
{ 
    = False;
    True e._ = True;
    False e.BExp = <Or_Aux e.BExp>;
    (e.Exp) e.BExp_E = <Or_Aux <BCheck <Eval e.Exp>> e.BExp_E>;
}

//  <Not s(:Bool:).Bool> = True | False
$FUNC Not 
{
    True = False;
    False = True;
}

$END.
