* Copyright (c) 2026 Aleksandr Bocharov
* SPDX-License-Identifier: MIT
* 2026-06-25
* https://github.com/Aleksandr3Bocharov/refalab

*====================================================================
* Пустые функции библиотеки РефалАБ.
*====================================================================

$START EMPTY;

$ENTRY NULL, Begin, End, Current, Call;
$EMPTY NULL, Begin, End, Current, Call;

$END.
