* Copyright (c) 2026 Aleksandr Bocharov
* SPDX-License-Identifier: MIT
* 2026-05-29
* https://github.com/Aleksandr3Bocharov/refalab

*====================================================================
* Пустые функции библиотеки РефалАБ.
*====================================================================

EXT START

    ENTRY NULL, Begin, End, Current, Call
    EMPTY NULL, Begin, End, Current, Call

    END
