// Copyright (c) 2026 Aleksandr Bocharov
// SPDX-License-Identifier: MIT
// 2026-07-27
// https://github.com/Aleksandr3Bocharov/refalab

//====================================================================
// Рефал-функции библиотеки РефалАБ.
//====================================================================

$START SETS;

$ENTRY SetW, SetN;
$EXTERN Map, NNorm;


//  <SetW w.Item*> == w.Item*′
$FUNC SetW 
{
    e.Terms = <PurgeDuplicates e.Terms>;
}

//  <SetN (e.Number)*> == (e.Number)*′
$FUNC SetN
{
    e.Numbers = <PurgeDuplicates <Map NormTerm e.Numbers>>;
}

$FUNC NormTerm
{
    (e.Number) = (<NNorm e.Number>);
}

$FUNC PurgeDuplicates
{
    $RIGHT e.Items_B w.Repeated e.Items_E w.Repeated e.Uniques = <PurgeDuplicates e.Items_B w.Repeated e.Items_E> e.Uniques;
    e._ = e._;
}

$END.
