* Copyright 2025 Aleksandr Bocharov
* Distributed under the Boost Software License, Version 1.0.
* See accompanying file LICENSE_1_0.txt
* or copy at http://www.boost.org/LICENSE_1_0.txt
* 2025-08-03
* https://github.com/Aleksandr3Bocharov/RefalAB

FACT +
    START

    ENTRY Go
    EXTRN Numb, Symb, Cvd, First
    EXTRN Mul
    EXTRN Prouts, Card, M1

    IMPL

Go      = <Fact <Numb <Card ' Give a number: '>>>

Fact
    0   = 
    S.N = <Pr S.N '!=' +
        <Cvd <F S.N>>> + 
        <Go>

F   1   = 1
    S.N = <Mul (S.N) <F <M1 S.N>>>

Pr      =
    E.S = <Pr1 <First 80 E.S>>

Pr1 (E.S) E.E +
        = <Prouts E.S> <Pr E.E>
    '*' E.S +
        = <Prouts E.S>

    END
