* Copyright 2025 Aleksandr Bocharov
* Distributed under the Boost Software License, Version 1.0.
* See accompanying file LICENSE_1_0.txt
* or copy at http://www.boost.org/LICENSE_1_0.txt
* 2025-05-25
* https://github.com/Aleksandr3Bocharov/refalab

HELLO +
    START

    ENTRY Go
    EXTRN Print

    IMPL

Go      = <Print 'Hello World!'>

    END
