* Copyright 2025 Aleksandr Bocharov
* Distributed under the Boost Software License, Version 1.0.
* See accompanying file LICENSE_1_0.txt
* or copy at http://www.boost.org/LICENSE_1_0.txt
* 2025-05-12
* https://github.com/Aleksandr3Bocharov/RefalAB

TEST0 +
    START
    ENTRY Go
    EXTRN Add, Sub, Mul, Dr, M1, P1, Numb, Symb
    EXTRN First, Last, LengR, LengW
    EXTRN New, Wtr, Rdr, Ptr, Gtr, Swr
    EXTRN Print, Prout, Proutm
    EXTRN FOpen, FClose, FGetS, FPutS, Rename, Remove_File
    EXTRN Br, Rp, Dg, DgAll, Cp
    EMPTY Tra, Em1, Em2, Em3, Pus
    SWAP Sw

Div E.N = <Div0 <Dr E.N>>

Div0
    E.N (E._) +
        = E.N

Bspe
    S  '2134' /Pus/

Go  = <Prsw> +
    <Prvv> +
    <Prkop> +
    <Dal1> +
    <Prspe /Pus/ 'as01a432l7l' /Em3/>

*      prowerka  specifikacii
Prspe
    E.E S(/Em1/ /Em2/ /Em3/).S +
        = <Prout ' symbol-/em/' S.S> <Prspe E.E>
    S(:Bspe:).S E.k +
        = <Prout ' symbol-b=' S.S> <Prspe E.k>
    R E.h S('l7').S +
        = <Prout ' symbol-l=' S.S> <Prspe E.h>
    S.S E.k +
        = <Prout '  symbol=' S.S> <Prspe E.k>
        =

*      prowerka mul,p1,lengr,lengw,first,last,numb,symb,add,m1,sub
Dal1    = <Prmu (/126/) /2/> <Prmu (/65536/) /64/> +
        <Prmu (/16777215/) /1/> +
        <Prmu (/65536/) /512/> +  
        <Prdl (/65536/) /4/> <Prdl (/65536/) /666/> +
*       <Prdl (/1/) /0/> +      neot
        <Prp1 /4/> <Prp1 /65536/> <Prp1 /128/> +
*       <Prp1 /16777215/> +     neot
        <Dal>

Dal     = <Prln /0/ /1/ '345678'> <Prln (/0/ /1/) '345678'> +
        <Prfe /3/ '1234567'> <Prla /3/ '123456'> <Prfe /1/ /2/> +
        <Prla /3/ /1/ /2/ /3/ '567'> +
*       <Prfe '123'> <Prla '123'> +          neot
        <Prnu '125'> <Prnu '76666'> <Prnu '16777215'> +
        <Prnu '17777215'> <Prnu '-45'> +
        <Prsy /5678/> <Prsy /16777215/> +
        <Prad (/128/) /456/> <Prad (/16777215/) /2/> +
        <Prm1 /3/> <Prm1 /128/> <Prm1 /16777215/> +
        <Prsu (/16777215/) /2/> <Prsu (/2/) /456/>

Prmu
    E.N = <Prow /Mul/ E.N>

Prnu
    E.N = <Prow /Numb/ E.N>

Prsy
    E.N = <Prow /Symb/ E.N>

Prad
    E.N = <Prow /Add/ E.N>

Prsu
    E.N = <Prow /Sub/ E.N>

Prm1
    E.N = <Prow /M1/ E.N>

Prdl
    E.N = <Prow /Div/ E.N>

Prp1
    E.N = <Prow /P1/ E.N>

Prfe
    E.E = <Prow /First/ E.E>

Prla
    E.E = <Prow /Last/ E.E>

Prow
    S.F E.E +
        = <Proutm S.F ', whod=' E.E '  wyh=' < S.F E.E>>

*
*
Prkop   = <Br 'cc' '=' /123/> <Br 'mmm' '=' '345'> +
        <Rp 'mmm' '=' '879'> <Dg 'mmm'> +
        <Cp 'cc'> <DgAll> +
        <Br /Tra/ '=' '765'> <Rp /Tra/ '=' /16777215/> <Dg /Tra/>

*
Prvv    = <FOpen 'w' /0/ 'lala.put'> +
        <FPutS /0/ ' str 1\n'> <FPutS /0/ ' str 2\n'> <FClose 'w' /0/> +
        <FOpen 'a' /1/ 'lala.put'> +
        <FPutS /1/ ' str 3\n'> <FClose 'w' /1/> +
        <Rename 'lala.put*lala.get'> +
        <FOpen 'r' /4/ 'lala.get'> +
        <Print <FGetS /4/>> <Print <FGetS /4/>> +
        <Print <FGetS /4/>> <FClose 'r' /4/> <Remove_File 'lala.get'>

*
Prsw    = <Sw1 <New /123456/>> <Wtr /Sw/ /123456/> <Ptr /Sw/ '0'> +
        <Rdr /Sw/> <Gtr /Sw/>

Sw1 R.x = <Ptr R.x /2/> <Rdr R.x> <Wtr R.x /12/> <Sw2 R.x>

Sw2 R.x = <Ptr R.x /3/> <Rdr R.x> <Gtr R.x> +
        <Swr R.x '0' /16777215/ '0'> +
        <Prout <Rdr R.x>>

Prln
    E.E = <Prout ' lengr,lengw: whod=' E.E '  wyh-r=' <LengR E.E> +
        '  wyh-w=' <LengW E.E>>

    END
