* Copyright 2024 Aleksandr Bocharov
* Distributed under the Boost Software License, Version 1.0.
* See accompanying file LICENSE_1_0.txt
* or copy at http://www.boost.org/LICENSE_1_0.txt
* 2024-10-04
* https://github.com/Aleksandr3Bocharov/RefalAB

TEST4       START
            ENTRY Go
            EXTRN First, Last, Lengr, Lengw, Prout, Proutm
            EMPTY Pus, Em1, Em2, Em3

Bspe S      '2134' /Pus/

*      prowerka  specifikacii
Prspe +
    E2 S(/Em1/ /Em2/ /Em3/)1 +
            = <Prout ' symbol-/em/' S1> <Prspe E2>
    S(:Bspe:)1 Ek +
            = <Prout ' symbol-1234p=' S1> <Prspe Ek>
    R Eh S('l7')1 +
            = <Prout ' symbol-l7=' S1> <Prspe Eh>
    Ss Ek   = <Prout '  symbol =' Ss> <Prspe Ek>
            =

Dal         =  k/prln//0//1/'345678'.k/prln/(/0//1/)'345678'.+
            k/prfe//3/'1234567'.k/prla//3/'123456'.k/prfe//1//2/.+
            k/prla//3//1//2//3/'567'.+
*  neot
            k/prfe/'123'.k/prla/'123'.

prfe e1 = k/prow//first/e1.

prla e1 = k/prow//last/e1.

prow s1 e2 = k/proutm/s1', whod='e2'  wyh='k s1 e2..
*
*
prln e1 = k/prout/' lengr,lengw: whod='e1'  wyh-r='k/lengr/e1.+
                                         '  wyh-w='k/lengw/e1..

Go          = <Prspe /Pus/ 'as01a432l7l' /em3/> +
            <Dal>
                                 
            END
