* Copyright 2025 Aleksandr Bocharov
* Distributed under the Boost Software License, Version 1.0.
* See accompanying file LICENSE_1_0.txt
* or copy at http://www.boost.org/LICENSE_1_0.txt
* 2025-01-02
* https://github.com/Aleksandr3Bocharov/RefalAB

TEST2       START
            ENTRY Go
            EXTRN OpnPut, OpnGet, ClsPut, ClsGet, LibGet, LibPut
            EXTRN Print, Prout, FtoChar, ChartoF, FuncTab, Renam, Unlnk
            EMPTY ffff

Go          = <FuncTab /Prout/> +
            < <ChartoF 'prout'> ' eto prout'> +
            < <ChartoF 'PROUT'> ' eto PROUT'> +
*           <OpnGet /6/ 'bb'> +    !!  neot  !!
            <OpnPut 'lala.tes'> +
            <LibPut ' str 1'> <LibPut ' str 2'> <ClsPut> +
            <OpnPut '*' 'lala.tes'> <LibPut ' str 3'> <ClsPut> +
            <Renam 'lala.tes*lala.tos'> +
            <OpnGet /4/ 'lala.tos'> +
            <Print <LibGet /4/>> <Print <LibGet /4/>> +
            <Print <LibGet /4/>> +
            <Print <LibGet /4/>> <ClsGet /4/> +
            <Prout ' d.b. ffff: ' <FtoChar /ffff/>> +
            <FuncTab /tttt/> +
            < <ChartoF 'tttt'> 'werno'> +
            <Unlnk 'lala.tos'>

tttt +
    E1      = <Prout E1>

            END
