* Copyright 2025 Aleksandr Bocharov
* Distributed under the Boost Software License, Version 1.0.
* See accompanying file LICENSE_1_0.txt
* or copy at http://www.boost.org/LICENSE_1_0.txt
* 2025-03-18
* https://github.com/Aleksandr3Bocharov/RefalAB

TEST5 +
    START
    ENTRY Go
    EXTRN Prout, Numb, Symb

Go      = <P <Numb '-1000'>> +
        <P <Numb '-16777216'>> +
        <P <Numb>> +
        <P <Numb '+'>> +
        <P <Numb '-'>> +
        <P <Numb '000000000000000000000000000000001'>> +
        <P <Numb '-000000000000000000000000000000001'>> +
        <P <Numb '+000000000000000000000000000000001'>> +
        <P <Numb '1000000000'>> +
        <P <Numb '2147483647'>> +
        <P <Numb '+15'>> +
        <Prout '/0/:' <Symb>> +
        <Prout '/0/:' <Symb '+'>> +
        <Prout '/0/:' <Symb '-'>> +
        <Prout '/0/:' <Symb /0/>> +
        <Prout '/16777216/:' <Symb /1/ /0/>> +
        <Prout '/1/:' <Symb /0/ /1/>> +
        <Prout '/1/:' <Symb /0/ /0/ /0/ /0/ /1/>> +
        <Prout '-/1/:' <Symb '-' /0/ /0/ /0/ /0/ /1/>> +
        <Prout '/1/:' <Symb '+' /0/ /0/ /0/ /0/ /1/>> +
        <Prout <Symb /127/ /16777215/>> +
*  neoty:
        <Numb '2147483648'> +
        <Numb '-2147483648'> +
        <Symb /128/ /0/> +
        <Symb '-' /128/ /0/> 

P   E1  = <Prout E1 ' : ' <Symb E1>>

    END
